Archive member included to satisfy reference by file (symbol)

c:/program files (x86)/atmel/studio/7.0/toolchain/arm/arm-gnu-toolchain/bin/../lib/gcc/arm-none-eabi/6.3.1/thumb/v6-m\libgcc.a(_udivsi3.o)
                              hpl/core/hpl_core_m0plus_base.o (__aeabi_uidiv)
c:/program files (x86)/atmel/studio/7.0/toolchain/arm/arm-gnu-toolchain/bin/../lib/gcc/arm-none-eabi/6.3.1/thumb/v6-m\libgcc.a(_divsi3.o)
                              hal/src/hal_adc_sync.o (__aeabi_idivmod)
c:/program files (x86)/atmel/studio/7.0/toolchain/arm/arm-gnu-toolchain/bin/../lib/gcc/arm-none-eabi/6.3.1/thumb/v6-m\libgcc.a(_dvmd_tls.o)
                              c:/program files (x86)/atmel/studio/7.0/toolchain/arm/arm-gnu-toolchain/bin/../lib/gcc/arm-none-eabi/6.3.1/thumb/v6-m\libgcc.a(_udivsi3.o) (__aeabi_idiv0)
c:/program files (x86)/atmel/studio/7.0/toolchain/arm/arm-gnu-toolchain/bin/../lib/gcc/arm-none-eabi/6.3.1/thumb/v6-m\libgcc.a(_aeabi_uldivmod.o)
                              hpl/sercom/hpl_sercom.o (__aeabi_uldivmod)
c:/program files (x86)/atmel/studio/7.0/toolchain/arm/arm-gnu-toolchain/bin/../lib/gcc/arm-none-eabi/6.3.1/thumb/v6-m\libgcc.a(_muldi3.o)
                              hpl/sercom/hpl_sercom.o (__aeabi_lmul)
c:/program files (x86)/atmel/studio/7.0/toolchain/arm/arm-gnu-toolchain/bin/../lib/gcc/arm-none-eabi/6.3.1/thumb/v6-m\libgcc.a(_fixunsdfsi.o)
                              hpl/sercom/hpl_sercom.o (__aeabi_d2uiz)
c:/program files (x86)/atmel/studio/7.0/toolchain/arm/arm-gnu-toolchain/bin/../lib/gcc/arm-none-eabi/6.3.1/thumb/v6-m\libgcc.a(_udivmoddi4.o)
                              c:/program files (x86)/atmel/studio/7.0/toolchain/arm/arm-gnu-toolchain/bin/../lib/gcc/arm-none-eabi/6.3.1/thumb/v6-m\libgcc.a(_aeabi_uldivmod.o) (__udivmoddi4)
c:/program files (x86)/atmel/studio/7.0/toolchain/arm/arm-gnu-toolchain/bin/../lib/gcc/arm-none-eabi/6.3.1/thumb/v6-m\libgcc.a(divdf3.o)
                              hpl/sercom/hpl_sercom.o (__aeabi_ddiv)
c:/program files (x86)/atmel/studio/7.0/toolchain/arm/arm-gnu-toolchain/bin/../lib/gcc/arm-none-eabi/6.3.1/thumb/v6-m\libgcc.a(muldf3.o)
                              hpl/sercom/hpl_sercom.o (__aeabi_dmul)
c:/program files (x86)/atmel/studio/7.0/toolchain/arm/arm-gnu-toolchain/bin/../lib/gcc/arm-none-eabi/6.3.1/thumb/v6-m\libgcc.a(subdf3.o)
                              hpl/sercom/hpl_sercom.o (__aeabi_dsub)
c:/program files (x86)/atmel/studio/7.0/toolchain/arm/arm-gnu-toolchain/bin/../lib/gcc/arm-none-eabi/6.3.1/thumb/v6-m\libgcc.a(fixdfsi.o)
                              c:/program files (x86)/atmel/studio/7.0/toolchain/arm/arm-gnu-toolchain/bin/../lib/gcc/arm-none-eabi/6.3.1/thumb/v6-m\libgcc.a(_fixunsdfsi.o) (__aeabi_d2iz)
c:/program files (x86)/atmel/studio/7.0/toolchain/arm/arm-gnu-toolchain/bin/../lib/gcc/arm-none-eabi/6.3.1/thumb/v6-m\libgcc.a(floatsidf.o)
                              hpl/sercom/hpl_sercom.o (__aeabi_i2d)
c:/program files (x86)/atmel/studio/7.0/toolchain/arm/arm-gnu-toolchain/bin/../lib/gcc/arm-none-eabi/6.3.1/thumb/v6-m\libgcc.a(floatunsidf.o)
                              hpl/sercom/hpl_sercom.o (__aeabi_ui2d)
c:/program files (x86)/atmel/studio/7.0/toolchain/arm/arm-gnu-toolchain/bin/../lib/gcc/arm-none-eabi/6.3.1/thumb/v6-m\libgcc.a(_arm_cmpdf2.o)
                              c:/program files (x86)/atmel/studio/7.0/toolchain/arm/arm-gnu-toolchain/bin/../lib/gcc/arm-none-eabi/6.3.1/thumb/v6-m\libgcc.a(_fixunsdfsi.o) (__aeabi_dcmpge)
c:/program files (x86)/atmel/studio/7.0/toolchain/arm/arm-gnu-toolchain/bin/../lib/gcc/arm-none-eabi/6.3.1/thumb/v6-m\libgcc.a(_clzsi2.o)
                              c:/program files (x86)/atmel/studio/7.0/toolchain/arm/arm-gnu-toolchain/bin/../lib/gcc/arm-none-eabi/6.3.1/thumb/v6-m\libgcc.a(divdf3.o) (__clzsi2)
c:/program files (x86)/atmel/studio/7.0/toolchain/arm/arm-gnu-toolchain/bin/../lib/gcc/arm-none-eabi/6.3.1/thumb/v6-m\libgcc.a(_clzdi2.o)
                              c:/program files (x86)/atmel/studio/7.0/toolchain/arm/arm-gnu-toolchain/bin/../lib/gcc/arm-none-eabi/6.3.1/thumb/v6-m\libgcc.a(_udivmoddi4.o) (__clzdi2)
c:/program files (x86)/atmel/studio/7.0/toolchain/arm/arm-gnu-toolchain/bin/../lib/gcc/arm-none-eabi/6.3.1/thumb/v6-m\libgcc.a(eqdf2.o)
                              c:/program files (x86)/atmel/studio/7.0/toolchain/arm/arm-gnu-toolchain/bin/../lib/gcc/arm-none-eabi/6.3.1/thumb/v6-m\libgcc.a(_arm_cmpdf2.o) (__eqdf2)
c:/program files (x86)/atmel/studio/7.0/toolchain/arm/arm-gnu-toolchain/bin/../lib/gcc/arm-none-eabi/6.3.1/thumb/v6-m\libgcc.a(gedf2.o)
                              c:/program files (x86)/atmel/studio/7.0/toolchain/arm/arm-gnu-toolchain/bin/../lib/gcc/arm-none-eabi/6.3.1/thumb/v6-m\libgcc.a(_arm_cmpdf2.o) (__gedf2)
c:/program files (x86)/atmel/studio/7.0/toolchain/arm/arm-gnu-toolchain/bin/../lib/gcc/arm-none-eabi/6.3.1/thumb/v6-m\libgcc.a(ledf2.o)
[...]
Memory Configuration

Name             Origin             Length             Attributes
rom              0x00000000         0x00004000         xr
ram              0x20000000         0x00001000         xrw
*default*        0x00000000         0xffffffff

Linker script and memory map

LOAD c:/program files (x86)/atmel/studio/7.0/toolchain/arm/arm-gnu-toolchain/bin/../lib/gcc/arm-none-eabi/6.3.1/thumb/v6-m/crti.o
LOAD c:/program files (x86)/atmel/studio/7.0/toolchain/arm/arm-gnu-toolchain/bin/../lib/gcc/arm-none-eabi/6.3.1/thumb/v6-m/crtbegin.o
LOAD c:/program files (x86)/atmel/studio/7.0/toolchain/arm/arm-gnu-toolchain/bin/../lib/gcc/arm-none-eabi/6.3.1/../../../../arm-none-eabi/lib/thumb/v6-m/crt0.o
LOAD atmel_start.o
LOAD Device_Startup/startup_samd11.o
LOAD Device_Startup/system_samd11.o
LOAD driver_init.o
LOAD examples/driver_examples.o
LOAD hal/src/hal_adc_sync.o
LOAD hal/src/hal_atomic.o
LOAD hal/src/hal_delay.o
LOAD hal/src/hal_gpio.o
LOAD hal/src/hal_i2c_m_async.o
LOAD hal/src/hal_init.o
LOAD hal/src/hal_io.o
LOAD hal/src/hal_sleep.o
LOAD hal/utils/src/utils_assert.o
LOAD hal/utils/src/utils_event.o
LOAD hal/utils/src/utils_list.o
LOAD hal/utils/src/utils_syscalls.o
LOAD hpl/adc/hpl_adc.o
LOAD hpl/core/hpl_core_m0plus_base.o
LOAD hpl/core/hpl_init.o
LOAD hpl/dmac/hpl_dmac.o
LOAD hpl/gclk/hpl_gclk.o
LOAD hpl/pm/hpl_pm.o
LOAD hpl/sercom/hpl_sercom.o
LOAD hpl/sysctrl/hpl_sysctrl.o
LOAD main.o
START GROUP
LOAD c:/program files (x86)/atmel/studio/7.0/toolchain/arm/arm-gnu-toolchain/bin/../lib/gcc/arm-none-eabi/6.3.1/../../../../arm-none-eabi/lib/thumb/v6-m\libm.a
END GROUP
START GROUP
LOAD c:/program files (x86)/atmel/studio/7.0/toolchain/arm/arm-gnu-toolchain/bin/../lib/gcc/arm-none-eabi/6.3.1/thumb/v6-m\libgcc.a
LOAD c:/program files (x86)/atmel/studio/7.0/toolchain/arm/arm-gnu-toolchain/bin/../lib/gcc/arm-none-eabi/6.3.1/../../../../arm-none-eabi/lib/thumb/v6-m\libc_nano.a
END GROUP
START GROUP
LOAD c:/program files (x86)/atmel/studio/7.0/toolchain/arm/arm-gnu-toolchain/bin/../lib/gcc/arm-none-eabi/6.3.1/thumb/v6-m\libgcc.a
LOAD c:/program files (x86)/atmel/studio/7.0/toolchain/arm/arm-gnu-toolchain/bin/../lib/gcc/arm-none-eabi/6.3.1/../../../../arm-none-eabi/lib/thumb/v6-m\libc_nano.a
END GROUP
LOAD c:/program files (x86)/atmel/studio/7.0/toolchain/arm/arm-gnu-toolchain/bin/../lib/gcc/arm-none-eabi/6.3.1/thumb/v6-m/crtend.o
LOAD c:/program files (x86)/atmel/studio/7.0/toolchain/arm/arm-gnu-toolchain/bin/../lib/gcc/arm-none-eabi/6.3.1/thumb/v6-m/crtn.o
                0x00000400                STACK_SIZE = DEFINED (STACK_SIZE)?STACK_SIZE:DEFINED (__stack_size__)?__stack_size__:0x400

.text           0x00000000      0xfec
                0x00000000                . = ALIGN (0x4)
                0x00000000                _sfixed = .
 *(.vectors .vectors.*)
 .vectors       0x00000000       0x8c Device_Startup/startup_samd11.o
                0x00000000                exception_table
 *(.text .text.* .gnu.linkonce.t.*)
 .text          0x0000008c       0x60 c:/program files (x86)/atmel/studio/7.0/toolchain/arm/arm-gnu-toolchain/bin/../lib/gcc/arm-none-eabi/6.3.1/thumb/v6-m/crtbegin.o
 .text.atmel_start_init
                0x000000ec        0xc atmel_start.o
                0x000000ec                atmel_start_init
 .text.Dummy_Handler
                0x000000f8        0x2 Device_Startup/startup_samd11.o
                0x000000f8                SVCall_Handler
                0x000000f8                DMAC_Handler
                0x000000f8                HardFault_Handler
                0x000000f8                TC2_Handler
                0x000000f8                AC_Handler
                0x000000f8                SysTick_Handler
                0x000000f8                PendSV_Handler
                0x000000f8                SERCOM1_Handler
                0x000000f8                ADC_Handler
                0x000000f8                NonMaskableInt_Handler
                0x000000f8                TCC0_Handler
                0x000000f8                RTC_Handler
                0x000000f8                EIC_Handler
                0x000000f8                WDT_Handler
                0x000000f8                TC1_Handler
                0x000000f8                USB_Handler
                0x000000f8                Dummy_Handler
                0x000000f8                PM_Handler
                0x000000f8                EVSYS_Handler
                0x000000f8                NVMCTRL_Handler
                0x000000f8                DAC_Handler
                0x000000f8                PTC_Handler
                0x000000f8                SYSCTRL_Handler
 *fill*         0x000000fa        0x2 
 .text.Reset_Handler
                0x000000fc       0xe4 Device_Startup/startup_samd11.o
                0x000000fc                Reset_Handler
 .text.ADC_0_PORT_init
                0x000001e0       0x3c driver_init.o
                0x000001e0                ADC_0_PORT_init
 .text.ADC_0_CLOCK_init
                0x0000021c       0x20 driver_init.o
                0x0000021c                ADC_0_CLOCK_init
 .text.ADC_0_init
                0x0000023c       0x2c driver_init.o
                0x0000023c                ADC_0_init
 .text.I2C_0_PORT_init
                0x00000268       0x50 driver_init.o
                0x00000268                I2C_0_PORT_init
 .text.I2C_0_CLOCK_init
                0x000002b8       0x28 driver_init.o
                0x000002b8                I2C_0_CLOCK_init
 .text.I2C_0_init
                0x000002e0       0x28 driver_init.o
                0x000002e0                I2C_0_init
 .text.system_init
                0x00000308       0x1c driver_init.o
                0x00000308                system_init
 .text.adc_sync_init
                0x00000324       0x34 hal/src/hal_adc_sync.o
                0x00000324                adc_sync_init
 .text.adc_sync_enable_channel
                0x00000358       0x2c hal/src/hal_adc_sync.o
                0x00000358                adc_sync_enable_channel
 .text.adc_sync_read_channel
                0x00000384       0xc0 hal/src/hal_adc_sync.o
                0x00000384                adc_sync_read_channel
 .text.i2c_tx_complete
                0x00000444       0x12 hal/src/hal_i2c_m_async.o
 .text.i2c_rx_complete
                0x00000456       0x12 hal/src/hal_i2c_m_async.o
 .text.i2c_error
                0x00000468       0x12 hal/src/hal_i2c_m_async.o
 *fill*         0x0000047a        0x2 
 .text.i2c_m_async_write
                0x0000047c       0x30 hal/src/hal_i2c_m_async.o
 .text.i2c_m_async_read
                0x000004ac       0x30 hal/src/hal_i2c_m_async.o
 .text.i2c_m_async_init
                0x000004dc       0x6c hal/src/hal_i2c_m_async.o
                0x000004dc                i2c_m_async_init
 .text.assert   0x00000548        0x8 hal/utils/src/utils_assert.o
                0x00000548                assert
 .text._adc_get_regs
                0x00000550        0x4 hpl/adc/hpl_adc.o
 .text._adc_init
                0x00000554      0x104 hpl/adc/hpl_adc.o
 .text._adc_sync_init
                0x00000658       0x38 hpl/adc/hpl_adc.o
                0x00000658                _adc_sync_init
 .text._adc_sync_enable_channel
                0x00000690        0xc hpl/adc/hpl_adc.o
                0x00000690                _adc_sync_enable_channel
 .text._adc_sync_get_data_size
                0x0000069c       0x18 hpl/adc/hpl_adc.o
                0x0000069c                _adc_sync_get_data_size
 .text._adc_sync_is_channel_conversion_done
                0x000006b4        0xa hpl/adc/hpl_adc.o
                0x000006b4                _adc_sync_is_channel_conversion_done
 .text._adc_sync_convert
                0x000006be       0x12 hpl/adc/hpl_adc.o
                0x000006be                _adc_sync_convert
 .text._adc_sync_read_channel_data
                0x000006d0        0xe hpl/adc/hpl_adc.o
                0x000006d0                _adc_sync_read_channel_data
 *fill*         0x000006de        0x2 
 .text._init_chip
                0x000006e0       0x30 hpl/core/hpl_init.o
                0x000006e0                _init_chip
 .text._gclk_init_generators_by_fref
                0x00000710       0x20 hpl/gclk/hpl_gclk.o
                0x00000710                _gclk_init_generators_by_fref
 .text._pm_init
                0x00000730       0x20 hpl/pm/hpl_pm.o
                0x00000730                _pm_init
 .text._get_i2cm_index
                0x00000750       0x30 hpl/sercom/hpl_sercom.o
 .text._i2c_m_sync_init_impl
                0x00000780       0xdc hpl/sercom/hpl_sercom.o
 .text._i2c_m_async_init
                0x0000085c       0x84 hpl/sercom/hpl_sercom.o
                0x0000085c                _i2c_m_async_init
 .text._i2c_m_async_transfer
                0x000008e0      0x13c hpl/sercom/hpl_sercom.o
                0x000008e0                _i2c_m_async_transfer
 .text._i2c_m_async_register_callback
                0x00000a1c       0x1c hpl/sercom/hpl_sercom.o
                0x00000a1c                _i2c_m_async_register_callback
 .text.SERCOM0_Handler
                0x00000a38      0x234 hpl/sercom/hpl_sercom.o
                0x00000a38                SERCOM0_Handler
 .text._sysctrl_init_sources
                0x00000c6c       0x48 hpl/sysctrl/hpl_sysctrl.o
                0x00000c6c                _sysctrl_init_sources
 .text._sysctrl_init_referenced_generators
                0x00000cb4       0x10 hpl/sysctrl/hpl_sysctrl.o
                0x00000cb4                _sysctrl_init_referenced_generators
 .text.main     0x00000cc4       0x44 main.o
                0x00000cc4                main
 .text          0x00000d08      0x1d4 c:/program files (x86)/atmel/studio/7.0/toolchain/arm/arm-gnu-toolchain/bin/../lib/gcc/arm-none-eabi/6.3.1/thumb/v6-m\libgcc.a(_divsi3.o)
                0x00000d08                __divsi3
                0x00000d08                __aeabi_idiv
                0x00000ed4                __aeabi_idivmod
 .text          0x00000edc        0x4 c:/program files (x86)/atmel/studio/7.0/toolchain/arm/arm-gnu-toolchain/bin/../lib/gcc/arm-none-eabi/6.3.1/thumb/v6-m\libgcc.a(_dvmd_tls.o)
                0x00000edc                __aeabi_idiv0
                0x00000edc                __aeabi_ldiv0
 .text.__libc_init_array
                0x00000ee0       0x48 c:/program files (x86)/atmel/studio/7.0/toolchain/arm/arm-gnu-toolchain/bin/../lib/gcc/arm-none-eabi/6.3.1/../../../../arm-none-eabi/lib/thumb/v6-m\libc_nano.a(lib_a-init.o)
                0x00000ee0                __libc_init_array
 *(.glue_7t)
 .glue_7t       0x00000f28        0x0 linker stubs
 *(.glue_7)
 .glue_7        0x00000f28        0x0 linker stubs
 *(.rodata .rodata* .gnu.linkonce.r.*)
 .rodata.str1.4
                0x00000f28       0x1a hal/src/hal_adc_sync.o
 *fill*         0x00000f42        0x2 
 .rodata.str1.4
                0x00000f44       0x1d hal/src/hal_i2c_m_async.o
 *fill*         0x00000f61        0x3 
 .rodata        0x00000f64       0x1c hpl/adc/hpl_adc.o
 .rodata.str1.4
                0x00000f80       0x15 hpl/adc/hpl_adc.o
 *fill*         0x00000f95        0x3 
 .rodata        0x00000f98       0x18 hpl/sercom/hpl_sercom.o
 .rodata.str1.4
                0x00000fb0       0x1c hpl/sercom/hpl_sercom.o
                                 0x1b (size before relaxing)
 *(.ARM.extab* .gnu.linkonce.armextab.*)
                0x00000fcc                . = ALIGN (0x4)
 *(.init)
 .init          0x00000fcc        0x4 c:/program files (x86)/atmel/studio/7.0/toolchain/arm/arm-gnu-toolchain/bin/../lib/gcc/arm-none-eabi/6.3.1/thumb/v6-m/crti.o
                0x00000fcc                _init
 .init          0x00000fd0        0x8 c:/program files (x86)/atmel/studio/7.0/toolchain/arm/arm-gnu-toolchain/bin/../lib/gcc/arm-none-eabi/6.3.1/thumb/v6-m/crtn.o
                0x00000fd8                . = ALIGN (0x4)
                0x00000fd8                __preinit_array_start = .
 *(.preinit_array)
                0x00000fd8                __preinit_array_end = .
                0x00000fd8                . = ALIGN (0x4)
                0x00000fd8                __init_array_start = .
 *(SORT(.init_array.*))
 *(.init_array)
 .init_array    0x00000fd8        0x4 c:/program files (x86)/atmel/studio/7.0/toolchain/arm/arm-gnu-toolchain/bin/../lib/gcc/arm-none-eabi/6.3.1/thumb/v6-m/crtbegin.o
                0x00000fdc                __init_array_end = .
                0x00000fdc                . = ALIGN (0x4)
 *crtbegin.o(.ctors)
 *(EXCLUDE_FILE(*crtend.o) .ctors)
 *(SORT(.ctors.*))
 *crtend.o(.ctors)
                0x00000fdc                . = ALIGN (0x4)
 *(.fini)
 .fini          0x00000fdc        0x4 c:/program files (x86)/atmel/studio/7.0/toolchain/arm/arm-gnu-toolchain/bin/../lib/gcc/arm-none-eabi/6.3.1/thumb/v6-m/crti.o
                0x00000fdc                _fini
 .fini          0x00000fe0        0x8 c:/program files (x86)/atmel/studio/7.0/toolchain/arm/arm-gnu-toolchain/bin/../lib/gcc/arm-none-eabi/6.3.1/thumb/v6-m/crtn.o
                0x00000fe8                . = ALIGN (0x4)
                0x00000fe8                __fini_array_start = .
 *(.fini_array)
 .fini_array    0x00000fe8        0x4 c:/program files (x86)/atmel/studio/7.0/toolchain/arm/arm-gnu-toolchain/bin/../lib/gcc/arm-none-eabi/6.3.1/thumb/v6-m/crtbegin.o
 *(SORT(.fini_array.*))
                0x00000fec                __fini_array_end = .
 *crtbegin.o(.dtors)
 *(EXCLUDE_FILE(*crtend.o) .dtors)
 *(SORT(.dtors.*))
 *crtend.o(.dtors)
                0x00000fec                . = ALIGN (0x4)
                0x00000fec                _efixed = .
                [!provide]                PROVIDE (__exidx_start, .)

.vfp11_veneer   0x00000fec        0x0
 .vfp11_veneer  0x00000fec        0x0 linker stubs

.v4_bx          0x00000fec        0x0
 .v4_bx         0x00000fec        0x0 linker stubs

.iplt           0x00000fec        0x0
 .iplt          0x00000fec        0x0 c:/program files (x86)/atmel/studio/7.0/toolchain/arm/arm-gnu-toolchain/bin/../lib/gcc/arm-none-eabi/6.3.1/thumb/v6-m/crtbegin.o

.eh_frame       0x00000fec        0x0
 .eh_frame      0x00000fec        0x0 c:/program files (x86)/atmel/studio/7.0/toolchain/arm/arm-gnu-toolchain/bin/../lib/gcc/arm-none-eabi/6.3.1/thumb/v6-m/crtbegin.o

.rel.dyn        0x00000fec        0x0
 .rel.iplt      0x00000fec        0x0 c:/program files (x86)/atmel/studio/7.0/toolchain/arm/arm-gnu-toolchain/bin/../lib/gcc/arm-none-eabi/6.3.1/thumb/v6-m/crtbegin.o

.jcr            0x00000fec        0x0
 .jcr           0x00000fec        0x0 c:/program files (x86)/atmel/studio/7.0/toolchain/arm/arm-gnu-toolchain/bin/../lib/gcc/arm-none-eabi/6.3.1/thumb/v6-m/crtbegin.o

.igot.plt       0x00000fec        0x0
 .igot.plt      0x00000fec        0x0 c:/program files (x86)/atmel/studio/7.0/toolchain/arm/arm-gnu-toolchain/bin/../lib/gcc/arm-none-eabi/6.3.1/thumb/v6-m/crtbegin.o

.ARM.exidx
 *(.ARM.exidx* .gnu.linkonce.armexidx.*)
                [!provide]                PROVIDE (__exidx_end, .)
                0x00000fec                . = ALIGN (0x4)
                0x00000fec                _etext = .

.relocate       0x20000000        0x0 load address 0x00000fec
                0x20000000                . = ALIGN (0x4)
                0x20000000                _srelocate = .
 *(.ramfunc .ramfunc.*)
 *(.data .data.*)
                0x20000000                . = ALIGN (0x4)
                0x20000000                _erelocate = .

.bss            0x20000000       0x64
                0x20000000                . = ALIGN (0x4)
                0x20000000                _sbss = .
                0x20000000                _szero = .
 *(.bss .bss.*)
 .bss           0x20000000       0x1c c:/program files (x86)/atmel/studio/7.0/toolchain/arm/arm-gnu-toolchain/bin/../lib/gcc/arm-none-eabi/6.3.1/thumb/v6-m/crtbegin.o
 .bss           0x2000001c        0x4 hpl/sercom/hpl_sercom.o
 *(COMMON)
 COMMON         0x20000020       0x44 driver_init.o
                0x20000020                ADC_0
                0x20000024                I2C_0
                0x20000064                . = ALIGN (0x4)
                0x20000064                _ebss = .
                0x20000064                _ezero = .

.stack          0x20000064      0x404
                0x20000068                . = ALIGN (0x8)
 *fill*         0x20000064        0x4 
                0x20000068                _sstack = .
                0x20000468                . = (. + STACK_SIZE)
 *fill*         0x20000068      0x400 
                0x20000468                . = ALIGN (0x8)
                0x20000468                _estack = .
                0x20000468                . = ALIGN (0x4)
                0x20000468                _end = .
OUTPUT(HGKnobIn2.elf elf32-littlearm)

.ARM.attributes
                0x00000000       0x28
 .ARM.attributes
                0x00000000       0x1e c:/program files (x86)/atmel/studio/7.0/toolchain/arm/arm-gnu-toolchain/bin/../lib/gcc/arm-none-eabi/6.3.1/thumb/v6-m/crti.o
 .ARM.attributes
                0x0000001e       0x2c c:/program files (x86)/atmel/studio/7.0/toolchain/arm/arm-gnu-toolchain/bin/../lib/gcc/arm-none-eabi/6.3.1/thumb/v6-m/crtbegin.o
 .ARM.attributes
                0x0000004a       0x32 atmel_start.o
 .ARM.attributes
                0x0000007c       0x32 Device_Startup/startup_samd11.o
 .ARM.attributes
                0x000000ae       0x32 driver_init.o
 .ARM.attributes
                0x000000e0       0x32 hal/src/hal_adc_sync.o
 .ARM.attributes
                0x00000112       0x32 hal/src/hal_i2c_m_async.o
 .ARM.attributes
                0x00000144       0x32 hal/utils/src/utils_assert.o
 .ARM.attributes
                0x00000176       0x32 hpl/adc/hpl_adc.o
 .ARM.attributes
                0x000001a8       0x32 hpl/core/hpl_init.o
 .ARM.attributes
                0x000001da       0x32 hpl/gclk/hpl_gclk.o
 .ARM.attributes
                0x0000020c       0x32 hpl/pm/hpl_pm.o
 .ARM.attributes
                0x0000023e       0x32 hpl/sercom/hpl_sercom.o
 .ARM.attributes
                0x00000270       0x32 hpl/sysctrl/hpl_sysctrl.o
 .ARM.attributes
                0x000002a2       0x32 main.o
 .ARM.attributes
                0x000002d4       0x1e c:/program files (x86)/atmel/studio/7.0/toolchain/arm/arm-gnu-toolchain/bin/../lib/gcc/arm-none-eabi/6.3.1/thumb/v6-m\libgcc.a(_divsi3.o)
 .ARM.attributes
                0x000002f2       0x1e c:/program files (x86)/atmel/studio/7.0/toolchain/arm/arm-gnu-toolchain/bin/../lib/gcc/arm-none-eabi/6.3.1/thumb/v6-m\libgcc.a(_dvmd_tls.o)
 .ARM.attributes
                0x00000310       0x2c c:/program files (x86)/atmel/studio/7.0/toolchain/arm/arm-gnu-toolchain/bin/../lib/gcc/arm-none-eabi/6.3.1/../../../../arm-none-eabi/lib/thumb/v6-m\libc_nano.a(lib_a-init.o)
 .ARM.attributes
                0x0000033c       0x1e c:/program files (x86)/atmel/studio/7.0/toolchain/arm/arm-gnu-toolchain/bin/../lib/gcc/arm-none-eabi/6.3.1/thumb/v6-m/crtn.o

.comment        0x00000000       0x59
 .comment       0x00000000       0x59 atmel_start.o
                                 0x5a (size before relaxing)
 .comment       0x00000059       0x5a Device_Startup/startup_samd11.o
 .comment       0x00000059       0x5a driver_init.o
 .comment       0x00000059       0x5a hal/src/hal_adc_sync.o
 .comment       0x00000059       0x5a hal/src/hal_i2c_m_async.o
 .comment       0x00000059       0x5a hal/utils/src/utils_assert.o
 .comment       0x00000059       0x5a hpl/adc/hpl_adc.o
 .comment       0x00000059       0x5a hpl/core/hpl_init.o
 .comment       0x00000059       0x5a hpl/gclk/hpl_gclk.o
 .comment       0x00000059       0x5a hpl/pm/hpl_pm.o
 .comment       0x00000059       0x5a hpl/sercom/hpl_sercom.o
 .comment       0x00000059       0x5a hpl/sysctrl/hpl_sysctrl.o
 .comment       0x00000059       0x5a main.o

.debug_info     0x00000000    0x1e515
 .debug_info    0x00000000      0x453 atmel_start.o
 .debug_info    0x00000453     0x2bd5 Device_Startup/startup_samd11.o
 .debug_info    0x00003028     0x7914 driver_init.o
 .debug_info    0x0000a93c      0xb29 hal/src/hal_adc_sync.o
 .debug_info    0x0000b465      0xe06 hal/src/hal_i2c_m_async.o
 .debug_info    0x0000c26b      0x107 hal/utils/src/utils_assert.o
 .debug_info    0x0000c372     0x3780 hpl/adc/hpl_adc.o
 .debug_info    0x0000faf2      0x677 hpl/core/hpl_init.o
 .debug_info    0x00010169      0x4d9 hpl/gclk/hpl_gclk.o
 .debug_info    0x00010642      0xc95 hpl/pm/hpl_pm.o
 .debug_info    0x000112d7     0xb966 hpl/sercom/hpl_sercom.o
 .debug_info    0x0001cc3d     0x13ce hpl/sysctrl/hpl_sysctrl.o
 .debug_info    0x0001e00b      0x50a main.o

.debug_abbrev   0x00000000     0x1de9
 .debug_abbrev  0x00000000       0xea atmel_start.o
 .debug_abbrev  0x000000ea      0x234 Device_Startup/startup_samd11.o
 .debug_abbrev  0x0000031e      0x37b driver_init.o
 .debug_abbrev  0x00000699      0x168 hal/src/hal_adc_sync.o
 .debug_abbrev  0x00000801      0x283 hal/src/hal_i2c_m_async.o
 .debug_abbrev  0x00000a84       0x86 hal/utils/src/utils_assert.o
 .debug_abbrev  0x00000b0a      0x4a2 hpl/adc/hpl_adc.o
 .debug_abbrev  0x00000fac      0x1cc hpl/core/hpl_init.o
 .debug_abbrev  0x00001178      0x187 hpl/gclk/hpl_gclk.o
 .debug_abbrev  0x000012ff      0x211 hpl/pm/hpl_pm.o
 .debug_abbrev  0x00001510      0x59c hpl/sercom/hpl_sercom.o
 .debug_abbrev  0x00001aac      0x20c hpl/sysctrl/hpl_sysctrl.o
 .debug_abbrev  0x00001cb8      0x131 main.o

.debug_loc      0x00000000     0xbfd2
 .debug_loc     0x00000000       0x20 atmel_start.o
 .debug_loc     0x00000020       0x40 Device_Startup/startup_samd11.o
 .debug_loc     0x00000060      0x54e driver_init.o
 .debug_loc     0x000005ae      0x8c0 hal/src/hal_adc_sync.o
 .debug_loc     0x00000e6e      0xa3c hal/src/hal_i2c_m_async.o
 .debug_loc     0x000018aa     0x1d1b hpl/adc/hpl_adc.o
 .debug_loc     0x000035c5       0x4c hpl/core/hpl_init.o
 .debug_loc     0x00003611       0xa3 hpl/gclk/hpl_gclk.o
 .debug_loc     0x000036b4      0x11b hpl/pm/hpl_pm.o
 .debug_loc     0x000037cf     0x8677 hpl/sercom/hpl_sercom.o
 .debug_loc     0x0000be46      0x160 hpl/sysctrl/hpl_sysctrl.o
 .debug_loc     0x0000bfa6       0x2c main.o

.debug_aranges  0x00000000      0x970
 .debug_aranges
                0x00000000       0x20 atmel_start.o
 .debug_aranges
                0x00000020       0x28 Device_Startup/startup_samd11.o
 .debug_aranges
                0x00000048       0x50 driver_init.o
 .debug_aranges
                0x00000098       0x98 hal/src/hal_adc_sync.o
 .debug_aranges
                0x00000130       0xb0 hal/src/hal_i2c_m_async.o
 .debug_aranges
                0x000001e0       0x20 hal/utils/src/utils_assert.o
 .debug_aranges
                0x00000200      0x1e0 hpl/adc/hpl_adc.o
 .debug_aranges
                0x000003e0       0x20 hpl/core/hpl_init.o
 .debug_aranges
                0x00000400       0x28 hpl/gclk/hpl_gclk.o
 .debug_aranges
                0x00000428       0x30 hpl/pm/hpl_pm.o
 .debug_aranges
                0x00000458      0x4d0 hpl/sercom/hpl_sercom.o
 .debug_aranges
                0x00000928       0x28 hpl/sysctrl/hpl_sysctrl.o
 .debug_aranges
                0x00000950       0x20 main.o

.debug_ranges   0x00000000      0xf48
 .debug_ranges  0x00000000       0x10 atmel_start.o
 .debug_ranges  0x00000010       0x18 Device_Startup/startup_samd11.o
 .debug_ranges  0x00000028       0x40 driver_init.o
 .debug_ranges  0x00000068       0xa0 hal/src/hal_adc_sync.o
 .debug_ranges  0x00000108       0xa0 hal/src/hal_i2c_m_async.o
 .debug_ranges  0x000001a8       0x10 hal/utils/src/utils_assert.o
 .debug_ranges  0x000001b8      0x1e8 hpl/adc/hpl_adc.o
 .debug_ranges  0x000003a0       0x10 hpl/core/hpl_init.o
 .debug_ranges  0x000003b0       0x18 hpl/gclk/hpl_gclk.o
 .debug_ranges  0x000003c8       0x20 hpl/pm/hpl_pm.o
 .debug_ranges  0x000003e8      0xb20 hpl/sercom/hpl_sercom.o
 .debug_ranges  0x00000f08       0x30 hpl/sysctrl/hpl_sysctrl.o
 .debug_ranges  0x00000f38       0x10 main.o

.debug_macro    0x00000000    0x13650
 .debug_macro   0x00000000      0x4ae atmel_start.o
 .debug_macro   0x000004ae      0x89e atmel_start.o
 .debug_macro   0x00000d4c      0x16d atmel_start.o
 .debug_macro   0x00000eb9       0x22 atmel_start.o
 .debug_macro   0x00000edb       0x87 atmel_start.o
 .debug_macro   0x00000f62       0x51 atmel_start.o
 .debug_macro   0x00000fb3       0xef atmel_start.o
 .debug_macro   0x000010a2       0x6a atmel_start.o
 .debug_macro   0x0000110c      0x1df atmel_start.o
 .debug_macro   0x000012eb       0x22 atmel_start.o
 .debug_macro   0x0000130d       0x3f atmel_start.o
 .debug_macro   0x0000134c       0x1c atmel_start.o
 .debug_macro   0x00001368       0x22 atmel_start.o
 .debug_macro   0x0000138a       0xb5 atmel_start.o
 .debug_macro   0x0000143f      0x3ad atmel_start.o
 .debug_macro   0x000017ec      0x67e atmel_start.o
 .debug_macro   0x00001e6a      0x8b1 atmel_start.o
 .debug_macro   0x0000271b      0x22e atmel_start.o
 .debug_macro   0x00002949      0xc0c atmel_start.o
 .debug_macro   0x00003555      0x5e7 atmel_start.o
 .debug_macro   0x00003b3c      0x7c6 atmel_start.o
 .debug_macro   0x00004302      0x4e3 atmel_start.o
 .debug_macro   0x000047e5      0x37f atmel_start.o
 .debug_macro   0x00004b64      0x189 atmel_start.o
 .debug_macro   0x00004ced      0x21c atmel_start.o
 .debug_macro   0x00004f09      0x735 atmel_start.o
 .debug_macro   0x0000563e       0x5e atmel_start.o
 .debug_macro   0x0000569c      0x624 atmel_start.o
 .debug_macro   0x00005cc0      0x3ac atmel_start.o
 .debug_macro   0x0000606c      0xc76 atmel_start.o
 .debug_macro   0x00006ce2     0x1092 atmel_start.o
 .debug_macro   0x00007d74      0xc19 atmel_start.o
 .debug_macro   0x0000898d      0x6ba atmel_start.o
 .debug_macro   0x00009047     0x1b83 atmel_start.o
 .debug_macro   0x0000abca      0xb7c atmel_start.o
 .debug_macro   0x0000b746      0x340 atmel_start.o
 .debug_macro   0x0000ba86       0x7c atmel_start.o
 .debug_macro   0x0000bb02       0xa0 atmel_start.o
 .debug_macro   0x0000bba2       0x4c atmel_start.o
 .debug_macro   0x0000bbee       0xca atmel_start.o
 .debug_macro   0x0000bcb8       0xb8 atmel_start.o
 .debug_macro   0x0000bd70       0x58 atmel_start.o
 .debug_macro   0x0000bdc8      0x201 atmel_start.o
 .debug_macro   0x0000bfc9       0x82 atmel_start.o
 .debug_macro   0x0000c04b      0x189 atmel_start.o
 .debug_macro   0x0000c1d4       0xa0 atmel_start.o
 .debug_macro   0x0000c274       0xac atmel_start.o
 .debug_macro   0x0000c320       0x1c atmel_start.o
 .debug_macro   0x0000c33c       0x1c atmel_start.o
 .debug_macro   0x0000c358       0x1c atmel_start.o
 .debug_macro   0x0000c374       0x82 atmel_start.o
 .debug_macro   0x0000c3f6      0x112 atmel_start.o
 .debug_macro   0x0000c508       0x10 atmel_start.o
 .debug_macro   0x0000c518       0xdc atmel_start.o
 .debug_macro   0x0000c5f4      0x124 atmel_start.o
 .debug_macro   0x0000c718      0x124 atmel_start.o
 .debug_macro   0x0000c83c      0x124 atmel_start.o
 .debug_macro   0x0000c960       0xe2 atmel_start.o
 .debug_macro   0x0000ca42       0xe2 atmel_start.o
 .debug_macro   0x0000cb24      0x12a atmel_start.o
 .debug_macro   0x0000cc4e      0x1fa atmel_start.o
 .debug_macro   0x0000ce48       0x40 atmel_start.o
 .debug_macro   0x0000ce88      0x2f8 atmel_start.o
 .debug_macro   0x0000d180      0x828 atmel_start.o
 .debug_macro   0x0000d9a8       0x5f atmel_start.o
 .debug_macro   0x0000da07       0x10 atmel_start.o
 .debug_macro   0x0000da17       0x10 atmel_start.o
 .debug_macro   0x0000da27       0x16 atmel_start.o
 .debug_macro   0x0000da3d       0x16 atmel_start.o
 .debug_macro   0x0000da53       0x16 atmel_start.o
 .debug_macro   0x0000da69       0x16 atmel_start.o
 .debug_macro   0x0000da7f       0x16 atmel_start.o
 .debug_macro   0x0000da95       0x16 atmel_start.o
 .debug_macro   0x0000daab       0x16 atmel_start.o
 .debug_macro   0x0000dac1       0x16 atmel_start.o
 .debug_macro   0x0000dad7       0x16 atmel_start.o
 .debug_macro   0x0000daed       0x16 atmel_start.o
 .debug_macro   0x0000db03       0x16 atmel_start.o
 .debug_macro   0x0000db19       0x16 atmel_start.o
 .debug_macro   0x0000db2f       0x16 atmel_start.o
 .debug_macro   0x0000db45      0x4c3 atmel_start.o
 .debug_macro   0x0000e008       0x94 atmel_start.o
 .debug_macro   0x0000e09c       0x16 atmel_start.o
 .debug_macro   0x0000e0b2       0x6a atmel_start.o
 .debug_macro   0x0000e11c      0x28c atmel_start.o
 .debug_macro   0x0000e3a8      0x277 atmel_start.o
 .debug_macro   0x0000e61f       0x16 atmel_start.o
 .debug_macro   0x0000e635       0xca atmel_start.o
 .debug_macro   0x0000e6ff       0x1c atmel_start.o
 .debug_macro   0x0000e71b       0x16 atmel_start.o
 .debug_macro   0x0000e731       0x46 atmel_start.o
 .debug_macro   0x0000e777       0x70 atmel_start.o
 .debug_macro   0x0000e7e7       0xc9 atmel_start.o
 .debug_macro   0x0000e8b0      0x2a2 Device_Startup/startup_samd11.o
 .debug_macro   0x0000eb52       0x39 Device_Startup/startup_samd11.o
 .debug_macro   0x0000eb8b      0x4d9 driver_init.o
 .debug_macro   0x0000f064       0x34 driver_init.o
 .debug_macro   0x0000f098      0x3fb hal/src/hal_adc_sync.o
 .debug_macro   0x0000f493      0x416 hal/src/hal_i2c_m_async.o
 .debug_macro   0x0000f8a9       0x6a hal/src/hal_i2c_m_async.o
 .debug_macro   0x0000f913      0x3d0 hal/utils/src/utils_assert.o
 .debug_macro   0x0000fce3       0x10 hal/utils/src/utils_assert.o
 .debug_macro   0x0000fcf3      0x422 hpl/adc/hpl_adc.o
 .debug_macro   0x00010115      0x6cc hpl/adc/hpl_adc.o
 .debug_macro   0x000107e1      0x6ba hpl/adc/hpl_adc.o
 .debug_macro   0x00010e9b       0xd2 hpl/adc/hpl_adc.o
 .debug_macro   0x00010f6d      0x441 hpl/core/hpl_init.o
 .debug_macro   0x000113ae       0x2e hpl/core/hpl_init.o
 .debug_macro   0x000113dc      0x6ec hpl/core/hpl_init.o
 .debug_macro   0x00011ac8      0x3e3 hpl/gclk/hpl_gclk.o
 .debug_macro   0x00011eab      0x175 hpl/gclk/hpl_gclk.o
 .debug_macro   0x00012020      0x406 hpl/pm/hpl_pm.o
 .debug_macro   0x00012426      0x60e hpl/sercom/hpl_sercom.o
 .debug_macro   0x00012a34       0x59 hpl/sercom/hpl_sercom.o
 .debug_macro   0x00012a8d       0x10 hpl/sercom/hpl_sercom.o
 .debug_macro   0x00012a9d       0x1c hpl/sercom/hpl_sercom.o
 .debug_macro   0x00012ab9       0x22 hpl/sercom/hpl_sercom.o
 .debug_macro   0x00012adb       0x10 hpl/sercom/hpl_sercom.o
 .debug_macro   0x00012aeb      0x3dd hpl/sysctrl/hpl_sysctrl.o
 .debug_macro   0x00012ec8      0x2da hpl/sysctrl/hpl_sysctrl.o
 .debug_macro   0x000131a2      0x4ae main.o

.debug_line     0x00000000     0xa33b
 .debug_line    0x00000000      0xa0a atmel_start.o
 .debug_line    0x00000a0a      0x670 Device_Startup/startup_samd11.o
 .debug_line    0x0000107a      0xb5e driver_init.o
 .debug_line    0x00001bd8      0xa61 hal/src/hal_adc_sync.o
 .debug_line    0x00002639      0xad9 hal/src/hal_i2c_m_async.o
 .debug_line    0x00003112      0x8a6 hal/utils/src/utils_assert.o
 .debug_line    0x000039b8     0x117f hpl/adc/hpl_adc.o
 .debug_line    0x00004b37      0x986 hpl/core/hpl_init.o
 .debug_line    0x000054bd      0x8ff hpl/gclk/hpl_gclk.o
 .debug_line    0x00005dbc      0x94c hpl/pm/hpl_pm.o
 .debug_line    0x00006708     0x28e5 hpl/sercom/hpl_sercom.o
 .debug_line    0x00008fed      0x939 hpl/sysctrl/hpl_sysctrl.o
 .debug_line    0x00009926      0xa15 main.o

.debug_str      0x00000000    0x70f27
 .debug_str     0x00000000    0x60086 atmel_start.o
                              0x6055e (size before relaxing)
 .debug_str     0x00060086      0xd7f Device_Startup/startup_samd11.o
                              0x59431 (size before relaxing)
 .debug_str     0x00060e05     0x14f4 driver_init.o
                              0x62534 (size before relaxing)
 .debug_str     0x000622f9      0x40e hal/src/hal_adc_sync.o
                              0x60065 (size before relaxing)
 .debug_str     0x00062707      0x2d7 hal/src/hal_i2c_m_async.o
                              0x60615 (size before relaxing)
 .debug_str     0x000629de       0x2f hal/utils/src/utils_assert.o
                              0x5fa77 (size before relaxing)
 .debug_str     0x00062a0d     0x6bf7 hpl/adc/hpl_adc.o
                              0x66e05 (size before relaxing)
 .debug_str     0x00069604     0x17d7 hpl/core/hpl_init.o
                              0x615fc (size before relaxing)
 .debug_str     0x0006addb      0x672 hpl/gclk/hpl_gclk.o
                              0x601b7 (size before relaxing)
 .debug_str     0x0006b44d      0x194 hpl/pm/hpl_pm.o
                              0x6014d (size before relaxing)
 .debug_str     0x0006b5e1     0x478e hpl/sercom/hpl_sercom.o
                              0x65560 (size before relaxing)
 .debug_str     0x0006fd6f     0x11ac hpl/sysctrl/hpl_sysctrl.o
                              0x60d19 (size before relaxing)
 .debug_str     0x00070f1b        0xc main.o
                              0x6057e (size before relaxing)

.debug_frame    0x00000000     0x188c
 .debug_frame   0x00000000       0x28 atmel_start.o
 .debug_frame   0x00000028       0x40 Device_Startup/startup_samd11.o
 .debug_frame   0x00000068       0xac driver_init.o
 .debug_frame   0x00000114      0x1d4 hal/src/hal_adc_sync.o
 .debug_frame   0x000002e8      0x1dc hal/src/hal_i2c_m_async.o
 .debug_frame   0x000004c4       0x20 hal/utils/src/utils_assert.o
 .debug_frame   0x000004e4      0x464 hpl/adc/hpl_adc.o
 .debug_frame   0x00000948       0x28 hpl/core/hpl_init.o
 .debug_frame   0x00000970       0x30 hpl/gclk/hpl_gclk.o
 .debug_frame   0x000009a0       0x40 hpl/pm/hpl_pm.o
 .debug_frame   0x000009e0      0xe04 hpl/sercom/hpl_sercom.o
 .debug_frame   0x000017e4       0x30 hpl/sysctrl/hpl_sysctrl.o
 .debug_frame   0x00001814       0x2c main.o
 .debug_frame   0x00001840       0x20 c:/program files (x86)/atmel/studio/7.0/toolchain/arm/arm-gnu-toolchain/bin/../lib/gcc/arm-none-eabi/6.3.1/thumb/v6-m\libgcc.a(_divsi3.o)
 .debug_frame   0x00001860       0x2c c:/program files (x86)/atmel/studio/7.0/toolchain/arm/arm-gnu-toolchain/bin/../lib/gcc/arm-none-eabi/6.3.1/../../../../arm-none-eabi/lib/thumb/v6-m\libc_nano.a(lib_a-init.o)
